 cmake --build build -j 4 |& head -n 600
[ 40%] Building CXX object CMakeFiles/VisionSystem.dir/src/video_stream.cpp.o
[ 40%] Building CXX object CMakeFiles/VisionSystem.dir/src/pose_estimation.cpp.o
In file included from /home/hypatia/VISION_v2/src/utils.hpp:3,
                 from /home/hypatia/VISION_v2/src/video_stream.cpp:5:
/home/hypatia/VISION_v2/src/constants.hpp:22:5: error: too many initializers for ‘std::__array_traits<std::vector<int>, 3>::_Type’ {aka ‘std::vector<int> [3]’}
   22 |     };
      |     ^
/home/hypatia/VISION_v2/src/constants.hpp:24:34: error: ‘VS’ was not declared in this scope
   24 |     inline constexpr std::vector<VS::CameraInfo> cameras = {
      |                                  ^~
/home/hypatia/VISION_v2/src/constants.hpp:24:48: error: template argument 1 is invalid
   24 |     inline constexpr std::vector<VS::CameraInfo> cameras = {
      |                                                ^
/home/hypatia/VISION_v2/src/constants.hpp:24:48: error: template argument 2 is invalid
/home/hypatia/VISION_v2/src/constants.hpp:35:9: error: expected ‘}’ before ‘{’ token
   35 |         {
      |         ^
/home/hypatia/VISION_v2/src/constants.hpp:24:60: note: to match this ‘{’
   24 |     inline constexpr std::vector<VS::CameraInfo> cameras = {
      |                                                            ^
/home/hypatia/VISION_v2/src/constants.hpp:35:9: note: probably missing a comma or an operator before
   35 |         {
      |         ^
/home/hypatia/VISION_v2/src/constants.hpp:42:5: error: too many braces around scalar initializer for type ‘const int’
   42 |     };
      |     ^
In file included from /home/hypatia/VISION_v2/src/utils.hpp:4:
/usr/include/eigen3/Eigen/src/Core/Matrix.h:18:8: error: ‘traits’ is not a class template
   18 | struct traits<Matrix<_Scalar, _Rows, _Cols, _Options, _MaxRows, _MaxCols> >
      |        ^~~~~~
/usr/include/eigen3/Eigen/src/Core/Matrix.h:18:15: error: ‘Matrix’ was not declared in this scope; did you mean ‘cvflann::Matrix’?
   18 | struct traits<Matrix<_Scalar, _Rows, _Cols, _Options, _MaxRows, _MaxCols> >
      |               ^~~~~~
      |               cvflann::Matrix
In file included from /usr/include/opencv4/opencv2/flann/flann_base.hpp:40,
                 from /usr/include/opencv4/opencv2/flann.hpp:48,
                 from /usr/include/opencv4/opencv2/opencv.hpp:65,
                 from /home/hypatia/VISION_v2/src/video_stream.cpp:1:
/usr/include/opencv4/opencv2/flann/matrix.h:49:7: note: ‘cvflann::Matrix’ declared here
   49 | class Matrix
      |       ^~~~~~
/usr/include/eigen3/Eigen/src/Core/Matrix.h:18:75: error: expected unqualified-id before ‘>’ token
   18 | struct traits<Matrix<_Scalar, _Rows, _Cols, _Options, _MaxRows, _MaxCols> >
      |                                                                           ^
/usr/include/eigen3/Eigen/src/Core/Matrix.h:179:27: error: expected template-name before ‘<’ token [-Wtemplate-body]
  179 |   : public PlainObjectBase<Matrix<_Scalar, _Rows, _Cols, _Options, _MaxRows, _MaxCols> >
      |                           ^
/usr/include/eigen3/Eigen/src/Core/Matrix.h:179:27: error: expected ‘{’ before ‘<’ token
/usr/include/eigen3/Eigen/src/Core/Matrix.h:504:1: error: wrong number of template arguments (3, should be 6)
  504 | EIGEN_MAKE_TYPEDEFS_ALL_SIZES(int,                  i)
      | ^~~~~~~~~~~~~~~~~~~~~~~~~~~~~
/usr/include/eigen3/Eigen/src/Core/Matrix.h:178:7: note: provided for ‘template<class _Scalar, int _Rows, int _Cols, int _Options, int _MaxRows, int _MaxCols> class Eigen::Matrix’
  178 | class Matrix
      |       ^~~~~~
/usr/include/eigen3/Eigen/src/Core/Matrix.h:504:1: error: wrong number of template arguments (3, should be 6)
  504 | EIGEN_MAKE_TYPEDEFS_ALL_SIZES(int,                  i)
      | ^~~~~~~~~~~~~~~~~~~~~~~~~~~~~
/usr/include/eigen3/Eigen/src/Core/Matrix.h:178:7: note: provided for ‘template<class _Scalar, int _Rows, int _Cols, int _Options, int _MaxRows, int _MaxCols> class Eigen::Matrix’
  178 | class Matrix
      |       ^~~~~~
/usr/include/eigen3/Eigen/src/Core/Matrix.h:504:1: error: wrong number of template arguments (3, should be 6)
  504 | EIGEN_MAKE_TYPEDEFS_ALL_SIZES(int,                  i)
      | ^~~~~~~~~~~~~~~~~~~~~~~~~~~~~
/usr/include/eigen3/Eigen/src/Core/Matrix.h:178:7: note: provided for ‘template<class _Scalar, int _Rows, int _Cols, int _Options, int _MaxRows, int _MaxCols> class Eigen::Matrix’
  178 | class Matrix
      |       ^~~~~~
/usr/include/eigen3/Eigen/src/Core/Matrix.h:504:1: error: wrong number of template arguments (3, should be 6)
  504 | EIGEN_MAKE_TYPEDEFS_ALL_SIZES(int,                  i)
      | ^~~~~~~~~~~~~~~~~~~~~~~~~~~~~
/usr/include/eigen3/Eigen/src/Core/Matrix.h:178:7: note: provided for ‘template<class _Scalar, int _Rows, int _Cols, int _Options, int _MaxRows, int _MaxCols> class Eigen::Matrix’
  178 | class Matrix
      |       ^~~~~~
/usr/include/eigen3/Eigen/src/Core/Matrix.h:504:1: error: wrong number of template arguments (3, should be 6)
  504 | EIGEN_MAKE_TYPEDEFS_ALL_SIZES(int,                  i)
      | ^~~~~~~~~~~~~~~~~~~~~~~~~~~~~
/usr/include/eigen3/Eigen/src/Core/Matrix.h:178:7: note: provided for ‘template<class _Scalar, int _Rows, int _Cols, int _Options, int _MaxRows, int _MaxCols> class Eigen::Matrix’
  178 | class Matrix
      |       ^~~~~~
/usr/include/eigen3/Eigen/src/Core/Matrix.h:504:1: error: wrong number of template arguments (3, should be 6)
  504 | EIGEN_MAKE_TYPEDEFS_ALL_SIZES(int,                  i)
      | ^~~~~~~~~~~~~~~~~~~~~~~~~~~~~
/usr/include/eigen3/Eigen/src/Core/Matrix.h:178:7: note: provided for ‘template<class _Scalar, int _Rows, int _Cols, int _Options, int _MaxRows, int _MaxCols> class Eigen::Matrix’
  178 | class Matrix
      |       ^~~~~~
/usr/include/eigen3/Eigen/src/Core/Matrix.h:504:1: error: wrong number of template arguments (3, should be 6)
  504 | EIGEN_MAKE_TYPEDEFS_ALL_SIZES(int,                  i)
      | ^~~~~~~~~~~~~~~~~~~~~~~~~~~~~
/usr/include/eigen3/Eigen/src/Core/Matrix.h:178:7: note: provided for ‘template<class _Scalar, int _Rows, int _Cols, int _Options, int _MaxRows, int _MaxCols> class Eigen::Matrix’
  178 | class Matrix
      |       ^~~~~~
/usr/include/eigen3/Eigen/src/Core/Matrix.h:504:1: error: wrong number of template arguments (3, should be 6)
  504 | EIGEN_MAKE_TYPEDEFS_ALL_SIZES(int,                  i)
      | ^~~~~~~~~~~~~~~~~~~~~~~~~~~~~
/usr/include/eigen3/Eigen/src/Core/Matrix.h:178:7: note: provided for ‘template<class _Scalar, int _Rows, int _Cols, int _Options, int _MaxRows, int _MaxCols> class Eigen::Matrix’
  178 | class Matrix
      |       ^~~~~~
/usr/include/eigen3/Eigen/src/Core/Matrix.h:504:1: error: wrong number of template arguments (3, should be 6)
  504 | EIGEN_MAKE_TYPEDEFS_ALL_SIZES(int,                  i)
      | ^~~~~~~~~~~~~~~~~~~~~~~~~~~~~
/usr/include/eigen3/Eigen/src/Core/Matrix.h:178:7: note: provided for ‘template<class _Scalar, int _Rows, int _Cols, int _Options, int _MaxRows, int _MaxCols> class Eigen::Matrix’
  178 | class Matrix
      |       ^~~~~~
/usr/include/eigen3/Eigen/src/Core/Matrix.h:504:1: error: ‘Dynamic’ was not declared in this scope
  504 | EIGEN_MAKE_TYPEDEFS_ALL_SIZES(int,                  i)
      | ^~~~~~~~~~~~~~~~~~~~~~~~~~~~~
/usr/include/eigen3/Eigen/src/Core/Matrix.h:504:1: error: ‘Dynamic’ was not declared in this scope
  504 | EIGEN_MAKE_TYPEDEFS_ALL_SIZES(int,                  i)
      | ^~~~~~~~~~~~~~~~~~~~~~~~~~~~~
/usr/include/eigen3/Eigen/src/Core/Matrix.h:504:1: error: wrong number of template arguments (3, should be 6)
  504 | EIGEN_MAKE_TYPEDEFS_ALL_SIZES(int,                  i)
      | ^~~~~~~~~~~~~~~~~~~~~~~~~~~~~
/usr/include/eigen3/Eigen/src/Core/Matrix.h:178:7: note: provided for ‘template<class _Scalar, int _Rows, int _Cols, int _Options, int _MaxRows, int _MaxCols> class Eigen::Matrix’
  178 | class Matrix
      |       ^~~~~~
/usr/include/eigen3/Eigen/src/Core/Matrix.h:504:1: error: ‘Dynamic’ was not declared in this scope
  504 | EIGEN_MAKE_TYPEDEFS_ALL_SIZES(int,                  i)
      | ^~~~~~~~~~~~~~~~~~~~~~~~~~~~~
/usr/include/eigen3/Eigen/src/Core/Matrix.h:504:1: error: wrong number of template arguments (3, should be 6)
  504 | EIGEN_MAKE_TYPEDEFS_ALL_SIZES(int,                  i)
      | ^~~~~~~~~~~~~~~~~~~~~~~~~~~~~
/usr/include/eigen3/Eigen/src/Core/Matrix.h:178:7: note: provided for ‘template<class _Scalar, int _Rows, int _Cols, int _Options, int _MaxRows, int _MaxCols> class Eigen::Matrix’
  178 | class Matrix
      |       ^~~~~~
/usr/include/eigen3/Eigen/src/Core/Matrix.h:504:1: error: ‘Dynamic’ was not declared in this scope
  504 | EIGEN_MAKE_TYPEDEFS_ALL_SIZES(int,                  i)
      | ^~~~~~~~~~~~~~~~~~~~~~~~~~~~~
/usr/include/eigen3/Eigen/src/Core/Matrix.h:504:1: error: wrong number of template arguments (3, should be 6)
  504 | EIGEN_MAKE_TYPEDEFS_ALL_SIZES(int,                  i)
      | ^~~~~~~~~~~~~~~~~~~~~~~~~~~~~
/usr/include/eigen3/Eigen/src/Core/Matrix.h:178:7: note: provided for ‘template<class _Scalar, int _Rows, int _Cols, int _Options, int _MaxRows, int _MaxCols> class Eigen::Matrix’
  178 | class Matrix
      |       ^~~~~~
/usr/include/eigen3/Eigen/src/Core/Matrix.h:504:1: error: ‘Dynamic’ was not declared in this scope
  504 | EIGEN_MAKE_TYPEDEFS_ALL_SIZES(int,                  i)
      | ^~~~~~~~~~~~~~~~~~~~~~~~~~~~~
/usr/include/eigen3/Eigen/src/Core/Matrix.h:504:1: error: wrong number of template arguments (3, should be 6)
  504 | EIGEN_MAKE_TYPEDEFS_ALL_SIZES(int,                  i)
      | ^~~~~~~~~~~~~~~~~~~~~~~~~~~~~
/usr/include/eigen3/Eigen/src/Core/Matrix.h:178:7: note: provided for ‘template<class _Scalar, int _Rows, int _Cols, int _Options, int _MaxRows, int _MaxCols> class Eigen::Matrix’
  178 | class Matrix
      |       ^~~~~~
/usr/include/eigen3/Eigen/src/Core/Matrix.h:504:1: error: ‘Dynamic’ was not declared in this scope
  504 | EIGEN_MAKE_TYPEDEFS_ALL_SIZES(int,                  i)
      | ^~~~~~~~~~~~~~~~~~~~~~~~~~~~~
/usr/include/eigen3/Eigen/src/Core/Matrix.h:504:1: error: wrong number of template arguments (3, should be 6)
  504 | EIGEN_MAKE_TYPEDEFS_ALL_SIZES(int,                  i)
      | ^~~~~~~~~~~~~~~~~~~~~~~~~~~~~
/usr/include/eigen3/Eigen/src/Core/Matrix.h:178:7: note: provided for ‘template<class _Scalar, int _Rows, int _Cols, int _Options, int _MaxRows, int _MaxCols> class Eigen::Matrix’
  178 | class Matrix
      |       ^~~~~~
/usr/include/eigen3/Eigen/src/Core/Matrix.h:504:1: error: ‘Dynamic’ was not declared in this scope
  504 | EIGEN_MAKE_TYPEDEFS_ALL_SIZES(int,                  i)
      | ^~~~~~~~~~~~~~~~~~~~~~~~~~~~~
/usr/include/eigen3/Eigen/src/Core/Matrix.h:504:1: error: wrong number of template arguments (3, should be 6)
  504 | EIGEN_MAKE_TYPEDEFS_ALL_SIZES(int,                  i)
      | ^~~~~~~~~~~~~~~~~~~~~~~~~~~~~
/usr/include/eigen3/Eigen/src/Core/Matrix.h:178:7: note: provided for ‘template<class _Scalar, int _Rows, int _Cols, int _Options, int _MaxRows, int _MaxCols> class Eigen::Matrix’
  178 | class Matrix
      |       ^~~~~~
/usr/include/eigen3/Eigen/src/Core/Matrix.h:504:1: error: ‘Dynamic’ was not declared in this scope
  504 | EIGEN_MAKE_TYPEDEFS_ALL_SIZES(int,                  i)
      | ^~~~~~~~~~~~~~~~~~~~~~~~~~~~~
/usr/include/eigen3/Eigen/src/Core/Matrix.h:504:1: error: wrong number of template arguments (3, should be 6)
  504 | EIGEN_MAKE_TYPEDEFS_ALL_SIZES(int,                  i)
      | ^~~~~~~~~~~~~~~~~~~~~~~~~~~~~
/usr/include/eigen3/Eigen/src/Core/Matrix.h:178:7: note: provided for ‘template<class _Scalar, int _Rows, int _Cols, int _Options, int _MaxRows, int _MaxCols> class Eigen::Matrix’
  178 | class Matrix
      |       ^~~~~~
/usr/include/eigen3/Eigen/src/Core/Matrix.h:504:1: error: ‘Dynamic’ was not declared in this scope
  504 | EIGEN_MAKE_TYPEDEFS_ALL_SIZES(int,                  i)
      | ^~~~~~~~~~~~~~~~~~~~~~~~~~~~~
/usr/include/eigen3/Eigen/src/Core/Matrix.h:504:1: error: wrong number of template arguments (3, should be 6)
  504 | EIGEN_MAKE_TYPEDEFS_ALL_SIZES(int,                  i)
      | ^~~~~~~~~~~~~~~~~~~~~~~~~~~~~
/usr/include/eigen3/Eigen/src/Core/Matrix.h:178:7: note: provided for ‘template<class _Scalar, int _Rows, int _Cols, int _Options, int _MaxRows, int _MaxCols> class Eigen::Matrix’
  178 | class Matrix
      |       ^~~~~~
/usr/include/eigen3/Eigen/src/Core/Matrix.h:504:1: error: ‘Dynamic’ was not declared in this scope
  504 | EIGEN_MAKE_TYPEDEFS_ALL_SIZES(int,                  i)
      | ^~~~~~~~~~~~~~~~~~~~~~~~~~~~~
/usr/include/eigen3/Eigen/src/Core/Matrix.h:504:1: error: wrong number of template arguments (3, should be 6)
  504 | EIGEN_MAKE_TYPEDEFS_ALL_SIZES(int,                  i)
      | ^~~~~~~~~~~~~~~~~~~~~~~~~~~~~
/usr/include/eigen3/Eigen/src/Core/Matrix.h:178:7: note: provided for ‘template<class _Scalar, int _Rows, int _Cols, int _Options, int _MaxRows, int _MaxCols> class Eigen::Matrix’
  178 | class Matrix
      |       ^~~~~~
/usr/include/eigen3/Eigen/src/Core/Matrix.h:505:1: error: wrong number of template arguments (3, should be 6)
  505 | EIGEN_MAKE_TYPEDEFS_ALL_SIZES(float,                f)
      | ^~~~~~~~~~~~~~~~~~~~~~~~~~~~~
/usr/include/eigen3/Eigen/src/Core/Matrix.h:178:7: note: provided for ‘template<class _Scalar, int _Rows, int _Cols, int _Options, int _MaxRows, int _MaxCols> class Eigen::Matrix’
  178 | class Matrix
      |       ^~~~~~
/usr/include/eigen3/Eigen/src/Core/Matrix.h:505:1: error: wrong number of template arguments (3, should be 6)
  505 | EIGEN_MAKE_TYPEDEFS_ALL_SIZES(float,                f)
      | ^~~~~~~~~~~~~~~~~~~~~~~~~~~~~
/usr/include/eigen3/Eigen/src/Core/Matrix.h:178:7: note: provided for ‘template<class _Scalar, int _Rows, int _Cols, int _Options, int _MaxRows, int _MaxCols> class Eigen::Matrix’
  178 | class Matrix
      |       ^~~~~~
/usr/include/eigen3/Eigen/src/Core/Matrix.h:505:1: error: wrong number of template arguments (3, should be 6)
  505 | EIGEN_MAKE_TYPEDEFS_ALL_SIZES(float,                f)
      | ^~~~~~~~~~~~~~~~~~~~~~~~~~~~~
/usr/include/eigen3/Eigen/src/Core/Matrix.h:178:7: note: provided for ‘template<class _Scalar, int _Rows, int _Cols, int _Options, int _MaxRows, int _MaxCols> class Eigen::Matrix’
  178 | class Matrix
      |       ^~~~~~
/usr/include/eigen3/Eigen/src/Core/Matrix.h:505:1: error: wrong number of template arguments (3, should be 6)
  505 | EIGEN_MAKE_TYPEDEFS_ALL_SIZES(float,                f)
      | ^~~~~~~~~~~~~~~~~~~~~~~~~~~~~
/usr/include/eigen3/Eigen/src/Core/Matrix.h:178:7: note: provided for ‘template<class _Scalar, int _Rows, int _Cols, int _Options, int _MaxRows, int _MaxCols> class Eigen::Matrix’
  178 | class Matrix
      |       ^~~~~~
/usr/include/eigen3/Eigen/src/Core/Matrix.h:505:1: error: wrong number of template arguments (3, should be 6)
  505 | EIGEN_MAKE_TYPEDEFS_ALL_SIZES(float,                f)
      | ^~~~~~~~~~~~~~~~~~~~~~~~~~~~~
/usr/include/eigen3/Eigen/src/Core/Matrix.h:178:7: note: provided for ‘template<class _Scalar, int _Rows, int _Cols, int _Options, int _MaxRows, int _MaxCols> class Eigen::Matrix’
  178 | class Matrix
      |       ^~~~~~
/usr/include/eigen3/Eigen/src/Core/Matrix.h:505:1: error: wrong number of template arguments (3, should be 6)
  505 | EIGEN_MAKE_TYPEDEFS_ALL_SIZES(float,                f)
      | ^~~~~~~~~~~~~~~~~~~~~~~~~~~~~
/usr/include/eigen3/Eigen/src/Core/Matrix.h:178:7: note: provided for ‘template<class _Scalar, int _Rows, int _Cols, int _Options, int _MaxRows, int _MaxCols> class Eigen::Matrix’
  178 | class Matrix
      |       ^~~~~~
/usr/include/eigen3/Eigen/src/Core/Matrix.h:505:1: error: wrong number of template arguments (3, should be 6)
  505 | EIGEN_MAKE_TYPEDEFS_ALL_SIZES(float,                f)
      | ^~~~~~~~~~~~~~~~~~~~~~~~~~~~~
/usr/include/eigen3/Eigen/src/Core/Matrix.h:178:7: note: provided for ‘template<class _Scalar, int _Rows, int _Cols, int _Options, int _MaxRows, int _MaxCols> class Eigen::Matrix’
  178 | class Matrix
      |       ^~~~~~
/usr/include/eigen3/Eigen/src/Core/Matrix.h:505:1: error: wrong number of template arguments (3, should be 6)
  505 | EIGEN_MAKE_TYPEDEFS_ALL_SIZES(float,                f)
      | ^~~~~~~~~~~~~~~~~~~~~~~~~~~~~
/usr/include/eigen3/Eigen/src/Core/Matrix.h:178:7: note: provided for ‘template<class _Scalar, int _Rows, int _Cols, int _Options, int _MaxRows, int _MaxCols> class Eigen::Matrix’
  178 | class Matrix
      |       ^~~~~~
/usr/include/eigen3/Eigen/src/Core/Matrix.h:505:1: error: wrong number of template arguments (3, should be 6)
  505 | EIGEN_MAKE_TYPEDEFS_ALL_SIZES(float,                f)
      | ^~~~~~~~~~~~~~~~~~~~~~~~~~~~~
/usr/include/eigen3/Eigen/src/Core/Matrix.h:178:7: note: provided for ‘template<class _Scalar, int _Rows, int _Cols, int _Options, int _MaxRows, int _MaxCols> class Eigen::Matrix’
  178 | class Matrix
      |       ^~~~~~
/usr/include/eigen3/Eigen/src/Core/Matrix.h:505:1: error: ‘Dynamic’ was not declared in this scope
  505 | EIGEN_MAKE_TYPEDEFS_ALL_SIZES(float,                f)
      | ^~~~~~~~~~~~~~~~~~~~~~~~~~~~~
/usr/include/eigen3/Eigen/src/Core/Matrix.h:505:1: error: ‘Dynamic’ was not declared in this scope
  505 | EIGEN_MAKE_TYPEDEFS_ALL_SIZES(float,                f)
      | ^~~~~~~~~~~~~~~~~~~~~~~~~~~~~
/usr/include/eigen3/Eigen/src/Core/Matrix.h:505:1: error: wrong number of template arguments (3, should be 6)
  505 | EIGEN_MAKE_TYPEDEFS_ALL_SIZES(float,                f)
      | ^~~~~~~~~~~~~~~~~~~~~~~~~~~~~
/usr/include/eigen3/Eigen/src/Core/Matrix.h:178:7: note: provided for ‘template<class _Scalar, int _Rows, int _Cols, int _Options, int _MaxRows, int _MaxCols> class Eigen::Matrix’
  178 | class Matrix
      |       ^~~~~~
/usr/include/eigen3/Eigen/src/Core/Matrix.h:505:1: error: ‘Dynamic’ was not declared in this scope
  505 | EIGEN_MAKE_TYPEDEFS_ALL_SIZES(float,                f)
      | ^~~~~~~~~~~~~~~~~~~~~~~~~~~~~
/usr/include/eigen3/Eigen/src/Core/Matrix.h:505:1: error: wrong number of template arguments (3, should be 6)
  505 | EIGEN_MAKE_TYPEDEFS_ALL_SIZES(float,                f)
      | ^~~~~~~~~~~~~~~~~~~~~~~~~~~~~
/usr/include/eigen3/Eigen/src/Core/Matrix.h:178:7: note: provided for ‘template<class _Scalar, int _Rows, int _Cols, int _Options, int _MaxRows, int _MaxCols> class Eigen::Matrix’
  178 | class Matrix
      |       ^~~~~~
/usr/include/eigen3/Eigen/src/Core/Matrix.h:505:1: error: ‘Dynamic’ was not declared in this scope
  505 | EIGEN_MAKE_TYPEDEFS_ALL_SIZES(float,                f)
      | ^~~~~~~~~~~~~~~~~~~~~~~~~~~~~
/usr/include/eigen3/Eigen/src/Core/Matrix.h:505:1: error: wrong number of template arguments (3, should be 6)
  505 | EIGEN_MAKE_TYPEDEFS_ALL_SIZES(float,                f)
      | ^~~~~~~~~~~~~~~~~~~~~~~~~~~~~
/usr/include/eigen3/Eigen/src/Core/Matrix.h:178:7: note: provided for ‘template<class _Scalar, int _Rows, int _Cols, int _Options, int _MaxRows, int _MaxCols> class Eigen::Matrix’
  178 | class Matrix
      |       ^~~~~~
/usr/include/eigen3/Eigen/src/Core/Matrix.h:505:1: error: ‘Dynamic’ was not declared in this scope
  505 | EIGEN_MAKE_TYPEDEFS_ALL_SIZES(float,                f)
      | ^~~~~~~~~~~~~~~~~~~~~~~~~~~~~
/usr/include/eigen3/Eigen/src/Core/Matrix.h:505:1: error: wrong number of template arguments (3, should be 6)
  505 | EIGEN_MAKE_TYPEDEFS_ALL_SIZES(float,                f)
      | ^~~~~~~~~~~~~~~~~~~~~~~~~~~~~
/usr/include/eigen3/Eigen/src/Core/Matrix.h:178:7: note: provided for ‘template<class _Scalar, int _Rows, int _Cols, int _Options, int _MaxRows, int _MaxCols> class Eigen::Matrix’
  178 | class Matrix
      |       ^~~~~~
/usr/include/eigen3/Eigen/src/Core/Matrix.h:505:1: error: ‘Dynamic’ was not declared in this scope
  505 | EIGEN_MAKE_TYPEDEFS_ALL_SIZES(float,                f)
      | ^~~~~~~~~~~~~~~~~~~~~~~~~~~~~
/usr/include/eigen3/Eigen/src/Core/Matrix.h:505:1: error: wrong number of template arguments (3, should be 6)
  505 | EIGEN_MAKE_TYPEDEFS_ALL_SIZES(float,                f)
      | ^~~~~~~~~~~~~~~~~~~~~~~~~~~~~
/usr/include/eigen3/Eigen/src/Core/Matrix.h:178:7: note: provided for ‘template<class _Scalar, int _Rows, int _Cols, int _Options, int _MaxRows, int _MaxCols> class Eigen::Matrix’
  178 | class Matrix
      |       ^~~~~~
/usr/include/eigen3/Eigen/src/Core/Matrix.h:505:1: error: ‘Dynamic’ was not declared in this scope
  505 | EIGEN_MAKE_TYPEDEFS_ALL_SIZES(float,                f)
      | ^~~~~~~~~~~~~~~~~~~~~~~~~~~~~
/usr/include/eigen3/Eigen/src/Core/Matrix.h:505:1: error: wrong number of template arguments (3, should be 6)
  505 | EIGEN_MAKE_TYPEDEFS_ALL_SIZES(float,                f)
      | ^~~~~~~~~~~~~~~~~~~~~~~~~~~~~
/usr/include/eigen3/Eigen/src/Core/Matrix.h:178:7: note: provided for ‘template<class _Scalar, int _Rows, int _Cols, int _Options, int _MaxRows, int _MaxCols> class Eigen::Matrix’
  178 | class Matrix
      |       ^~~~~~
/usr/include/eigen3/Eigen/src/Core/Matrix.h:505:1: error: ‘Dynamic’ was not declared in this scope
  505 | EIGEN_MAKE_TYPEDEFS_ALL_SIZES(float,                f)
      | ^~~~~~~~~~~~~~~~~~~~~~~~~~~~~
/usr/include/eigen3/Eigen/src/Core/Matrix.h:505:1: error: wrong number of template arguments (3, should be 6)
  505 | EIGEN_MAKE_TYPEDEFS_ALL_SIZES(float,                f)
      | ^~~~~~~~~~~~~~~~~~~~~~~~~~~~~
/usr/include/eigen3/Eigen/src/Core/Matrix.h:178:7: note: provided for ‘template<class _Scalar, int _Rows, int _Cols, int _Options, int _MaxRows, int _MaxCols> class Eigen::Matrix’
  178 | class Matrix
      |       ^~~~~~
/usr/include/eigen3/Eigen/src/Core/Matrix.h:505:1: error: ‘Dynamic’ was not declared in this scope
  505 | EIGEN_MAKE_TYPEDEFS_ALL_SIZES(float,                f)
      | ^~~~~~~~~~~~~~~~~~~~~~~~~~~~~
/usr/include/eigen3/Eigen/src/Core/Matrix.h:505:1: error: wrong number of template arguments (3, should be 6)
  505 | EIGEN_MAKE_TYPEDEFS_ALL_SIZES(float,                f)
      | ^~~~~~~~~~~~~~~~~~~~~~~~~~~~~
/usr/include/eigen3/Eigen/src/Core/Matrix.h:178:7: note: provided for ‘template<class _Scalar, int _Rows, int _Cols, int _Options, int _MaxRows, int _MaxCols> class Eigen::Matrix’
  178 | class Matrix
      |       ^~~~~~
/usr/include/eigen3/Eigen/src/Core/Matrix.h:505:1: error: ‘Dynamic’ was not declared in this scope
  505 | EIGEN_MAKE_TYPEDEFS_ALL_SIZES(float,                f)
      | ^~~~~~~~~~~~~~~~~~~~~~~~~~~~~
/usr/include/eigen3/Eigen/src/Core/Matrix.h:505:1: error: wrong number of template arguments (3, should be 6)
  505 | EIGEN_MAKE_TYPEDEFS_ALL_SIZES(float,                f)
      | ^~~~~~~~~~~~~~~~~~~~~~~~~~~~~
/usr/include/eigen3/Eigen/src/Core/Matrix.h:178:7: note: provided for ‘template<class _Scalar, int _Rows, int _Cols, int _Options, int _MaxRows, int _MaxCols> class Eigen::Matrix’
  178 | class Matrix
      |       ^~~~~~
/usr/include/eigen3/Eigen/src/Core/Matrix.h:506:1: error: wrong number of template arguments (3, should be 6)
  506 | EIGEN_MAKE_TYPEDEFS_ALL_SIZES(double,               d)
      | ^~~~~~~~~~~~~~~~~~~~~~~~~~~~~
/usr/include/eigen3/Eigen/src/Core/Matrix.h:178:7: note: provided for ‘template<class _Scalar, int _Rows, int _Cols, int _Options, int _MaxRows, int _MaxCols> class Eigen::Matrix’
  178 | class Matrix
      |       ^~~~~~
/usr/include/eigen3/Eigen/src/Core/Matrix.h:506:1: error: wrong number of template arguments (3, should be 6)
  506 | EIGEN_MAKE_TYPEDEFS_ALL_SIZES(double,               d)
      | ^~~~~~~~~~~~~~~~~~~~~~~~~~~~~
/usr/include/eigen3/Eigen/src/Core/Matrix.h:178:7: note: provided for ‘template<class _Scalar, int _Rows, int _Cols, int _Options, int _MaxRows, int _MaxCols> class Eigen::Matrix’
  178 | class Matrix
      |       ^~~~~~
/usr/include/eigen3/Eigen/src/Core/Matrix.h:506:1: error: wrong number of template arguments (3, should be 6)
  506 | EIGEN_MAKE_TYPEDEFS_ALL_SIZES(double,               d)
      | ^~~~~~~~~~~~~~~~~~~~~~~~~~~~~
/usr/include/eigen3/Eigen/src/Core/Matrix.h:178:7: note: provided for ‘template<class _Scalar, int _Rows, int _Cols, int _Options, int _MaxRows, int _MaxCols> class Eigen::Matrix’
  178 | class Matrix
      |       ^~~~~~
/usr/include/eigen3/Eigen/src/Core/Matrix.h:506:1: error: wrong number of template arguments (3, should be 6)
  506 | EIGEN_MAKE_TYPEDEFS_ALL_SIZES(double,               d)
      | ^~~~~~~~~~~~~~~~~~~~~~~~~~~~~
/usr/include/eigen3/Eigen/src/Core/Matrix.h:178:7: note: provided for ‘template<class _Scalar, int _Rows, int _Cols, int _Options, int _MaxRows, int _MaxCols> class Eigen::Matrix’
  178 | class Matrix
      |       ^~~~~~
/usr/include/eigen3/Eigen/src/Core/Matrix.h:506:1: error: wrong number of template arguments (3, should be 6)
  506 | EIGEN_MAKE_TYPEDEFS_ALL_SIZES(double,               d)
      | ^~~~~~~~~~~~~~~~~~~~~~~~~~~~~
/usr/include/eigen3/Eigen/src/Core/Matrix.h:178:7: note: provided for ‘template<class _Scalar, int _Rows, int _Cols, int _Options, int _MaxRows, int _MaxCols> class Eigen::Matrix’
  178 | class Matrix
      |       ^~~~~~
/usr/include/eigen3/Eigen/src/Core/Matrix.h:506:1: error: wrong number of template arguments (3, should be 6)
  506 | EIGEN_MAKE_TYPEDEFS_ALL_SIZES(double,               d)
      | ^~~~~~~~~~~~~~~~~~~~~~~~~~~~~
/usr/include/eigen3/Eigen/src/Core/Matrix.h:178:7: note: provided for ‘template<class _Scalar, int _Rows, int _Cols, int _Options, int _MaxRows, int _MaxCols> class Eigen::Matrix’
  178 | class Matrix
      |       ^~~~~~
/usr/include/eigen3/Eigen/src/Core/Matrix.h:506:1: error: wrong number of template arguments (3, should be 6)
  506 | EIGEN_MAKE_TYPEDEFS_ALL_SIZES(double,               d)
      | ^~~~~~~~~~~~~~~~~~~~~~~~~~~~~
/usr/include/eigen3/Eigen/src/Core/Matrix.h:178:7: note: provided for ‘template<class _Scalar, int _Rows, int _Cols, int _Options, int _MaxRows, int _MaxCols> class Eigen::Matrix’
  178 | class Matrix
      |       ^~~~~~
/usr/include/eigen3/Eigen/src/Core/Matrix.h:506:1: error: wrong number of template arguments (3, should be 6)
  506 | EIGEN_MAKE_TYPEDEFS_ALL_SIZES(double,               d)
      | ^~~~~~~~~~~~~~~~~~~~~~~~~~~~~
/usr/include/eigen3/Eigen/src/Core/Matrix.h:178:7: note: provided for ‘template<class _Scalar, int _Rows, int _Cols, int _Options, int _MaxRows, int _MaxCols> class Eigen::Matrix’
  178 | class Matrix
      |       ^~~~~~
/usr/include/eigen3/Eigen/src/Core/Matrix.h:506:1: error: wrong number of template arguments (3, should be 6)
  506 | EIGEN_MAKE_TYPEDEFS_ALL_SIZES(double,               d)
      | ^~~~~~~~~~~~~~~~~~~~~~~~~~~~~
/usr/include/eigen3/Eigen/src/Core/Matrix.h:178:7: note: provided for ‘template<class _Scalar, int _Rows, int _Cols, int _Options, int _MaxRows, int _MaxCols> class Eigen::Matrix’
  178 | class Matrix
      |       ^~~~~~
/usr/include/eigen3/Eigen/src/Core/Matrix.h:506:1: error: ‘Dynamic’ was not declared in this scope
  506 | EIGEN_MAKE_TYPEDEFS_ALL_SIZES(double,               d)
      | ^~~~~~~~~~~~~~~~~~~~~~~~~~~~~
/usr/include/eigen3/Eigen/src/Core/Matrix.h:506:1: error: ‘Dynamic’ was not declared in this scope
  506 | EIGEN_MAKE_TYPEDEFS_ALL_SIZES(double,               d)
      | ^~~~~~~~~~~~~~~~~~~~~~~~~~~~~
/usr/include/eigen3/Eigen/src/Core/Matrix.h:506:1: error: wrong number of template arguments (3, should be 6)
  506 | EIGEN_MAKE_TYPEDEFS_ALL_SIZES(double,               d)
      | ^~~~~~~~~~~~~~~~~~~~~~~~~~~~~
/usr/include/eigen3/Eigen/src/Core/Matrix.h:178:7: note: provided for ‘template<class _Scalar, int _Rows, int _Cols, int _Options, int _MaxRows, int _MaxCols> class Eigen::Matrix’
  178 | class Matrix
      |       ^~~~~~
/usr/include/eigen3/Eigen/src/Core/Matrix.h:506:1: error: ‘Dynamic’ was not declared in this scope
  506 | EIGEN_MAKE_TYPEDEFS_ALL_SIZES(double,               d)
      | ^~~~~~~~~~~~~~~~~~~~~~~~~~~~~
/usr/include/eigen3/Eigen/src/Core/Matrix.h:506:1: error: wrong number of template arguments (3, should be 6)
  506 | EIGEN_MAKE_TYPEDEFS_ALL_SIZES(double,               d)
      | ^~~~~~~~~~~~~~~~~~~~~~~~~~~~~
/usr/include/eigen3/Eigen/src/Core/Matrix.h:178:7: note: provided for ‘template<class _Scalar, int _Rows, int _Cols, int _Options, int _MaxRows, int _MaxCols> class Eigen::Matrix’
  178 | class Matrix
      |       ^~~~~~
/usr/include/eigen3/Eigen/src/Core/Matrix.h:506:1: error: ‘Dynamic’ was not declared in this scope
  506 | EIGEN_MAKE_TYPEDEFS_ALL_SIZES(double,               d)
      | ^~~~~~~~~~~~~~~~~~~~~~~~~~~~~
/usr/include/eigen3/Eigen/src/Core/Matrix.h:506:1: error: wrong number of template arguments (3, should be 6)
  506 | EIGEN_MAKE_TYPEDEFS_ALL_SIZES(double,               d)
      | ^~~~~~~~~~~~~~~~~~~~~~~~~~~~~
/usr/include/eigen3/Eigen/src/Core/Matrix.h:178:7: note: provided for ‘template<class _Scalar, int _Rows, int _Cols, int _Options, int _MaxRows, int _MaxCols> class Eigen::Matrix’
  178 | class Matrix
      |       ^~~~~~
/usr/include/eigen3/Eigen/src/Core/Matrix.h:506:1: error: ‘Dynamic’ was not declared in this scope
  506 | EIGEN_MAKE_TYPEDEFS_ALL_SIZES(double,               d)
      | ^~~~~~~~~~~~~~~~~~~~~~~~~~~~~
/usr/include/eigen3/Eigen/src/Core/Matrix.h:506:1: error: wrong number of template arguments (3, should be 6)
  506 | EIGEN_MAKE_TYPEDEFS_ALL_SIZES(double,               d)
      | ^~~~~~~~~~~~~~~~~~~~~~~~~~~~~
/usr/include/eigen3/Eigen/src/Core/Matrix.h:178:7: note: provided for ‘template<class _Scalar, int _Rows, int _Cols, int _Options, int _MaxRows, int _MaxCols> class Eigen::Matrix’
  178 | class Matrix
      |       ^~~~~~
/usr/include/eigen3/Eigen/src/Core/Matrix.h:506:1: error: ‘Dynamic’ was not declared in this scope
  506 | EIGEN_MAKE_TYPEDEFS_ALL_SIZES(double,               d)
      | ^~~~~~~~~~~~~~~~~~~~~~~~~~~~~
/usr/include/eigen3/Eigen/src/Core/Matrix.h:506:1: error: wrong number of template arguments (3, should be 6)
  506 | EIGEN_MAKE_TYPEDEFS_ALL_SIZES(double,               d)
      | ^~~~~~~~~~~~~~~~~~~~~~~~~~~~~
/usr/include/eigen3/Eigen/src/Core/Matrix.h:178:7: note: provided for ‘template<class _Scalar, int _Rows, int _Cols, int _Options, int _MaxRows, int _MaxCols> class Eigen::Matrix’
  178 | class Matrix
      |       ^~~~~~
/usr/include/eigen3/Eigen/src/Core/Matrix.h:506:1: error: ‘Dynamic’ was not declared in this scope
  506 | EIGEN_MAKE_TYPEDEFS_ALL_SIZES(double,               d)
      | ^~~~~~~~~~~~~~~~~~~~~~~~~~~~~
/usr/include/eigen3/Eigen/src/Core/Matrix.h:506:1: error: wrong number of template arguments (3, should be 6)
  506 | EIGEN_MAKE_TYPEDEFS_ALL_SIZES(double,               d)
      | ^~~~~~~~~~~~~~~~~~~~~~~~~~~~~
/usr/include/eigen3/Eigen/src/Core/Matrix.h:178:7: note: provided for ‘template<class _Scalar, int _Rows, int _Cols, int _Options, int _MaxRows, int _MaxCols> class Eigen::Matrix’
  178 | class Matrix
      |       ^~~~~~
/usr/include/eigen3/Eigen/src/Core/Matrix.h:506:1: error: ‘Dynamic’ was not declared in this scope
  506 | EIGEN_MAKE_TYPEDEFS_ALL_SIZES(double,               d)
      | ^~~~~~~~~~~~~~~~~~~~~~~~~~~~~
/usr/include/eigen3/Eigen/src/Core/Matrix.h:506:1: error: wrong number of template arguments (3, should be 6)
  506 | EIGEN_MAKE_TYPEDEFS_ALL_SIZES(double,               d)
      | ^~~~~~~~~~~~~~~~~~~~~~~~~~~~~
/usr/include/eigen3/Eigen/src/Core/Matrix.h:178:7: note: provided for ‘template<class _Scalar, int _Rows, int _Cols, int _Options, int _MaxRows, int _MaxCols> class Eigen::Matrix’
  178 | class Matrix
      |       ^~~~~~
/usr/include/eigen3/Eigen/src/Core/Matrix.h:506:1: error: ‘Dynamic’ was not declared in this scope
  506 | EIGEN_MAKE_TYPEDEFS_ALL_SIZES(double,               d)
      | ^~~~~~~~~~~~~~~~~~~~~~~~~~~~~
/usr/include/eigen3/Eigen/src/Core/Matrix.h:506:1: error: wrong number of template arguments (3, should be 6)
  506 | EIGEN_MAKE_TYPEDEFS_ALL_SIZES(double,               d)
      | ^~~~~~~~~~~~~~~~~~~~~~~~~~~~~
/usr/include/eigen3/Eigen/src/Core/Matrix.h:178:7: note: provided for ‘template<class _Scalar, int _Rows, int _Cols, int _Options, int _MaxRows, int _MaxCols> class Eigen::Matrix’
  178 | class Matrix
      |       ^~~~~~
/usr/include/eigen3/Eigen/src/Core/Matrix.h:506:1: error: ‘Dynamic’ was not declared in this scope
  506 | EIGEN_MAKE_TYPEDEFS_ALL_SIZES(double,               d)
      | ^~~~~~~~~~~~~~~~~~~~~~~~~~~~~
/usr/include/eigen3/Eigen/src/Core/Matrix.h:506:1: error: wrong number of template arguments (3, should be 6)
  506 | EIGEN_MAKE_TYPEDEFS_ALL_SIZES(double,               d)
      | ^~~~~~~~~~~~~~~~~~~~~~~~~~~~~
/usr/include/eigen3/Eigen/src/Core/Matrix.h:178:7: note: provided for ‘template<class _Scalar, int _Rows, int _Cols, int _Options, int _MaxRows, int _MaxCols> class Eigen::Matrix’
  178 | class Matrix
      |       ^~~~~~
/usr/include/eigen3/Eigen/src/Core/Matrix.h:507:1: error: wrong number of template arguments (3, should be 6)
  507 | EIGEN_MAKE_TYPEDEFS_ALL_SIZES(std::complex<float>,  cf)
      | ^~~~~~~~~~~~~~~~~~~~~~~~~~~~~
/usr/include/eigen3/Eigen/src/Core/Matrix.h:178:7: note: provided for ‘template<class _Scalar, int _Rows, int _Cols, int _Options, int _MaxRows, int _MaxCols> class Eigen::Matrix’
  178 | class Matrix
      |       ^~~~~~
/usr/include/eigen3/Eigen/src/Core/Matrix.h:507:1: error: wrong number of template arguments (3, should be 6)
  507 | EIGEN_MAKE_TYPEDEFS_ALL_SIZES(std::complex<float>,  cf)
      | ^~~~~~~~~~~~~~~~~~~~~~~~~~~~~
/usr/include/eigen3/Eigen/src/Core/Matrix.h:178:7: note: provided for ‘template<class _Scalar, int _Rows, int _Cols, int _Options, int _MaxRows, int _MaxCols> class Eigen::Matrix’
  178 | class Matrix
      |       ^~~~~~
/usr/include/eigen3/Eigen/src/Core/Matrix.h:507:1: error: wrong number of template arguments (3, should be 6)
  507 | EIGEN_MAKE_TYPEDEFS_ALL_SIZES(std::complex<float>,  cf)
      | ^~~~~~~~~~~~~~~~~~~~~~~~~~~~~
/usr/include/eigen3/Eigen/src/Core/Matrix.h:178:7: note: provided for ‘template<class _Scalar, int _Rows, int _Cols, int _Options, int _MaxRows, int _MaxCols> class Eigen::Matrix’
  178 | class Matrix
      |       ^~~~~~
/usr/include/eigen3/Eigen/src/Core/Matrix.h:507:1: error: wrong number of template arguments (3, should be 6)
  507 | EIGEN_MAKE_TYPEDEFS_ALL_SIZES(std::complex<float>,  cf)
      | ^~~~~~~~~~~~~~~~~~~~~~~~~~~~~
/usr/include/eigen3/Eigen/src/Core/Matrix.h:178:7: note: provided for ‘template<class _Scalar, int _Rows, int _Cols, int _Options, int _MaxRows, int _MaxCols> class Eigen::Matrix’
  178 | class Matrix
      |       ^~~~~~
/usr/include/eigen3/Eigen/src/Core/Matrix.h:507:1: error: wrong number of template arguments (3, should be 6)
  507 | EIGEN_MAKE_TYPEDEFS_ALL_SIZES(std::complex<float>,  cf)
      | ^~~~~~~~~~~~~~~~~~~~~~~~~~~~~
/usr/include/eigen3/Eigen/src/Core/Matrix.h:178:7: note: provided for ‘template<class _Scalar, int _Rows, int _Cols, int _Options, int _MaxRows, int _MaxCols> class Eigen::Matrix’
  178 | class Matrix
      |       ^~~~~~
/usr/include/eigen3/Eigen/src/Core/Matrix.h:507:1: error: wrong number of template arguments (3, should be 6)
  507 | EIGEN_MAKE_TYPEDEFS_ALL_SIZES(std::complex<float>,  cf)
      | ^~~~~~~~~~~~~~~~~~~~~~~~~~~~~
/usr/include/eigen3/Eigen/src/Core/Matrix.h:178:7: note: provided for ‘template<class _Scalar, int _Rows, int _Cols, int _Options, int _MaxRows, int _MaxCols> class Eigen::Matrix’
  178 | class Matrix
      |       ^~~~~~
/usr/include/eigen3/Eigen/src/Core/Matrix.h:507:1: error: wrong number of template arguments (3, should be 6)
  507 | EIGEN_MAKE_TYPEDEFS_ALL_SIZES(std::complex<float>,  cf)
      | ^~~~~~~~~~~~~~~~~~~~~~~~~~~~~
/usr/include/eigen3/Eigen/src/Core/Matrix.h:178:7: note: provided for ‘template<class _Scalar, int _Rows, int _Cols, int _Options, int _MaxRows, int _MaxCols> class Eigen::Matrix’
  178 | class Matrix
      |       ^~~~~~
/usr/include/eigen3/Eigen/src/Core/Matrix.h:507:1: error: wrong number of template arguments (3, should be 6)
  507 | EIGEN_MAKE_TYPEDEFS_ALL_SIZES(std::complex<float>,  cf)
      | ^~~~~~~~~~~~~~~~~~~~~~~~~~~~~
/usr/include/eigen3/Eigen/src/Core/Matrix.h:178:7: note: provided for ‘template<class _Scalar, int _Rows, int _Cols, int _Options, int _MaxRows, int _MaxCols> class Eigen::Matrix’
  178 | class Matrix
      |       ^~~~~~
/usr/include/eigen3/Eigen/src/Core/Matrix.h:507:1: error: wrong number of template arguments (3, should be 6)
  507 | EIGEN_MAKE_TYPEDEFS_ALL_SIZES(std::complex<float>,  cf)
      | ^~~~~~~~~~~~~~~~~~~~~~~~~~~~~
/usr/include/eigen3/Eigen/src/Core/Matrix.h:178:7: note: provided for ‘template<class _Scalar, int _Rows, int _Cols, int _Options, int _MaxRows, int _MaxCols> class Eigen::Matrix’
  178 | class Matrix
      |       ^~~~~~
/usr/include/eigen3/Eigen/src/Core/Matrix.h:507:1: error: ‘Dynamic’ was not declared in this scope
  507 | EIGEN_MAKE_TYPEDEFS_ALL_SIZES(std::complex<float>,  cf)
      | ^~~~~~~~~~~~~~~~~~~~~~~~~~~~~
/usr/include/eigen3/Eigen/src/Core/Matrix.h:507:1: error: ‘Dynamic’ was not declared in this scope
  507 | EIGEN_MAKE_TYPEDEFS_ALL_SIZES(std::complex<float>,  cf)
      | ^~~~~~~~~~~~~~~~~~~~~~~~~~~~~
/usr/include/eigen3/Eigen/src/Core/Matrix.h:507:1: error: wrong number of template arguments (3, should be 6)
  507 | EIGEN_MAKE_TYPEDEFS_ALL_SIZES(std::complex<float>,  cf)
      | ^~~~~~~~~~~~~~~~~~~~~~~~~~~~~
/usr/include/eigen3/Eigen/src/Core/Matrix.h:178:7: note: provided for ‘template<class _Scalar, int _Rows, int _Cols, int _Options, int _MaxRows, int _MaxCols> class Eigen::Matrix’
  178 | class Matrix
      |       ^~~~~~
/usr/include/eigen3/Eigen/src/Core/Matrix.h:507:1: error: ‘Dynamic’ was not declared in this scope
  507 | EIGEN_MAKE_TYPEDEFS_ALL_SIZES(std::complex<float>,  cf)
      | ^~~~~~~~~~~~~~~~~~~~~~~~~~~~~
/usr/include/eigen3/Eigen/src/Core/Matrix.h:507:1: error: wrong number of template arguments (3, should be 6)
  507 | EIGEN_MAKE_TYPEDEFS_ALL_SIZES(std::complex<float>,  cf)
      | ^~~~~~~~~~~~~~~~~~~~~~~~~~~~~
/usr/include/eigen3/Eigen/src/Core/Matrix.h:178:7: note: provided for ‘template<class _Scalar, int _Rows, int _Cols, int _Options, int _MaxRows, int _MaxCols> class Eigen::Matrix’
  178 | class Matrix
      |       ^~~~~~
/usr/include/eigen3/Eigen/src/Core/Matrix.h:507:1: error: ‘Dynamic’ was not declared in this scope
  507 | EIGEN_MAKE_TYPEDEFS_ALL_SIZES(std::complex<float>,  cf)
      | ^~~~~~~~~~~~~~~~~~~~~~~~~~~~~
/usr/include/eigen3/Eigen/src/Core/Matrix.h:507:1: error: wrong number of template arguments (3, should be 6)
  507 | EIGEN_MAKE_TYPEDEFS_ALL_SIZES(std::complex<float>,  cf)
      | ^~~~~~~~~~~~~~~~~~~~~~~~~~~~~
/usr/include/eigen3/Eigen/src/Core/Matrix.h:178:7: note: provided for ‘template<class _Scalar, int _Rows, int _Cols, int _Options, int _MaxRows, int _MaxCols> class Eigen::Matrix’
  178 | class Matrix
      |       ^~~~~~
/usr/include/eigen3/Eigen/src/Core/Matrix.h:507:1: error: ‘Dynamic’ was not declared in this scope
  507 | EIGEN_MAKE_TYPEDEFS_ALL_SIZES(std::complex<float>,  cf)
      | ^~~~~~~~~~~~~~~~~~~~~~~~~~~~~
/usr/include/eigen3/Eigen/src/Core/Matrix.h:507:1: error: wrong number of template arguments (3, should be 6)
  507 | EIGEN_MAKE_TYPEDEFS_ALL_SIZES(std::complex<float>,  cf)
      | ^~~~~~~~~~~~~~~~~~~~~~~~~~~~~
/usr/include/eigen3/Eigen/src/Core/Matrix.h:178:7: note: provided for ‘template<class _Scalar, int _Rows, int _Cols, int _Options, int _MaxRows, int _MaxCols> class Eigen::Matrix’
  178 | class Matrix
      |       ^~~~~~
/usr/include/eigen3/Eigen/src/Core/Matrix.h:507:1: error: ‘Dynamic’ was not declared in this scope
  507 | EIGEN_MAKE_TYPEDEFS_ALL_SIZES(std::complex<float>,  cf)
      | ^~~~~~~~~~~~~~~~~~~~~~~~~~~~~
/usr/include/eigen3/Eigen/src/Core/Matrix.h:507:1: error: wrong number of template arguments (3, should be 6)
  507 | EIGEN_MAKE_TYPEDEFS_ALL_SIZES(std::complex<float>,  cf)
      | ^~~~~~~~~~~~~~~~~~~~~~~~~~~~~
/usr/include/eigen3/Eigen/src/Core/Matrix.h:178:7: note: provided for ‘template<class _Scalar, int _Rows, int _Cols, int _Options, int _MaxRows, int _MaxCols> class Eigen::Matrix’
  178 | class Matrix
      |       ^~~~~~
/usr/include/eigen3/Eigen/src/Core/Matrix.h:507:1: error: ‘Dynamic’ was not declared in this scope
  507 | EIGEN_MAKE_TYPEDEFS_ALL_SIZES(std::complex<float>,  cf)
      | ^~~~~~~~~~~~~~~~~~~~~~~~~~~~~
/usr/include/eigen3/Eigen/src/Core/Matrix.h:507:1: error: wrong number of template arguments (3, should be 6)
  507 | EIGEN_MAKE_TYPEDEFS_ALL_SIZES(std::complex<float>,  cf)
      | ^~~~~~~~~~~~~~~~~~~~~~~~~~~~~
/usr/include/eigen3/Eigen/src/Core/Matrix.h:178:7: note: provided for ‘template<class _Scalar, int _Rows, int _Cols, int _Options, int _MaxRows, int _MaxCols> class Eigen::Matrix’
  178 | class Matrix
      |       ^~~~~~
/usr/include/eigen3/Eigen/src/Core/Matrix.h:507:1: error: ‘Dynamic’ was not declared in this scope
  507 | EIGEN_MAKE_TYPEDEFS_ALL_SIZES(std::complex<float>,  cf)
      | ^~~~~~~~~~~~~~~~~~~~~~~~~~~~~
/usr/include/eigen3/Eigen/src/Core/Matrix.h:507:1: error: wrong number of template arguments (3, should be 6)
  507 | EIGEN_MAKE_TYPEDEFS_ALL_SIZES(std::complex<float>,  cf)
      | ^~~~~~~~~~~~~~~~~~~~~~~~~~~~~
/usr/include/eigen3/Eigen/src/Core/Matrix.h:178:7: note: provided for ‘template<class _Scalar, int _Rows, int _Cols, int _Options, int _MaxRows, int _MaxCols> class Eigen::Matrix’
  178 | class Matrix
      |       ^~~~~~
/usr/include/eigen3/Eigen/src/Core/Matrix.h:507:1: error: ‘Dynamic’ was not declared in this scope
  507 | EIGEN_MAKE_TYPEDEFS_ALL_SIZES(std::complex<float>,  cf)
      | ^~~~~~~~~~~~~~~~~~~~~~~~~~~~~
/usr/include/eigen3/Eigen/src/Core/Matrix.h:507:1: error: wrong number of template arguments (3, should be 6)
  507 | EIGEN_MAKE_TYPEDEFS_ALL_SIZES(std::complex<float>,  cf)
      | ^~~~~~~~~~~~~~~~~~~~~~~~~~~~~
/usr/include/eigen3/Eigen/src/Core/Matrix.h:178:7: note: provided for ‘template<class _Scalar, int _Rows, int _Cols, int _Options, int _MaxRows, int _MaxCols> class Eigen::Matrix’
  178 | class Matrix
      |       ^~~~~~
/usr/include/eigen3/Eigen/src/Core/Matrix.h:507:1: error: ‘Dynamic’ was not declared in this scope
  507 | EIGEN_MAKE_TYPEDEFS_ALL_SIZES(std::complex<float>,  cf)
      | ^~~~~~~~~~~~~~~~~~~~~~~~~~~~~
/usr/include/eigen3/Eigen/src/Core/Matrix.h:507:1: error: wrong number of template arguments (3, should be 6)
  507 | EIGEN_MAKE_TYPEDEFS_ALL_SIZES(std::complex<float>,  cf)
      | ^~~~~~~~~~~~~~~~~~~~~~~~~~~~~
/usr/include/eigen3/Eigen/src/Core/Matrix.h:178:7: note: provided for ‘template<class _Scalar, int _Rows, int _Cols, int _Options, int _MaxRows, int _MaxCols> class Eigen::Matrix’
  178 | class Matrix
      |       ^~~~~~
